[10dic2025 19:46:01.066] [main/INFO] [cpw.mods.modlauncher.Launcher/MODLAUNCHER]: ModLauncher running: args [--mod, pipezretriever, --all, --output, /Users/joshua.morotti/dev/personal/pipezretriever/src/generated/resources, --existing, /Users/joshua.morotti/dev/personal/pipezretriever/src/main/resources, --launchTarget, forgedatauserdev, --assetIndex, asset-index, --assetsDir, /Users/joshua.morotti/.gradle/caches/minecraft/assets, --gameDir, ., --fml.neoForgeVersion, 21.1.77, --fml.fmlVersion, 4.0.31, --fml.mcVersion, 1.21.1, --fml.neoFormVersion, 20240808.144430]
[10dic2025 19:46:01.067] [main/INFO] [cpw.mods.modlauncher.Launcher/MODLAUNCHER]: JVM identified as Microsoft OpenJDK 64-Bit Server VM 21.0.9+10-LTS
[10dic2025 19:46:01.068] [main/INFO] [cpw.mods.modlauncher.Launcher/MODLAUNCHER]: ModLauncher 11.0.4+main.d2e20e43 starting: java version 21.0.9 by Microsoft; OS Mac OS X arch aarch64 version 15.7.2
[10dic2025 19:46:01.122] [main/WARN] [net.neoforged.fml.loading.FMLConfig/CORE]: Configuration file /Users/joshua.morotti/dev/personal/pipezretriever/runs/data/config/fml.toml is not correct. Correcting
[10dic2025 19:46:01.123] [main/INFO] [net.neoforged.fml.loading.FMLConfig/CORE]: Incorrect key [disableConfigWatcher] was corrected from null to false
[10dic2025 19:46:01.124] [main/INFO] [net.neoforged.fml.loading.FMLConfig/CORE]: Incorrect key [earlyWindowSkipGLVersions] was corrected from null to []
[10dic2025 19:46:01.124] [main/INFO] [net.neoforged.fml.loading.FMLConfig/CORE]: Incorrect key [earlyWindowSquir] was corrected from null to false
[10dic2025 19:46:01.143] [main/INFO] [net.neoforged.fml.loading.ImmediateWindowHandler/]: ImmediateWindowProvider not loading because launch target is forgedatauserdev
[10dic2025 19:46:01.176] [main/INFO] [mixin/]: SpongePowered MIXIN Subsystem Version=0.8.7 Source=union:/Users/joshua.morotti/.gradle/caches/modules-2/files-2.1/net.fabricmc/sponge-mixin/0.15.2+mixin.0.8.7/2af2f021d8e02a0220dc27a7a72b4666d66d44ca/sponge-mixin-0.15.2+mixin.0.8.7.jar%23127!/ Service=ModLauncher Env=CLIENT
[10dic2025 19:46:01.247] [main/INFO] [net.neoforged.fml.loading.moddiscovery.ModDiscoverer/SCAN]: Found mod file "neoforge-21.1.77.jar" [locator: neoforge devenv provider ([/Users/joshua.morotti/dev/personal/pipezretriever/.gradle/repositories/ng_dummy_ng/net/neoforged/neoforge/21.1.77/neoforge-21.1.77.jar])]
[10dic2025 19:46:01.260] [main/INFO] [net.neoforged.fml.loading.moddiscovery.ModDiscoverer/SCAN]: Found mod file "neoforge-21.1.77.jar" [locator: neoforge devenv provider ([/Users/joshua.morotti/dev/personal/pipezretriever/.gradle/repositories/ng_dummy_ng/net/neoforged/neoforge/21.1.77/neoforge-21.1.77.jar])]
[10dic2025 19:46:01.268] [main/INFO] [net.neoforged.fml.loading.moddiscovery.ModDiscoverer/SCAN]: Found mod file "main" [locator: userdev mods and services, reader: mod manifest]
[10dic2025 19:46:01.275] [main/INFO] [net.neoforged.fml.loading.moddiscovery.ModDiscoverer/SCAN]: Found mod file "neoforge-21.1.77.jar" [locator: userdev mods and services, reader: mod manifest]
[10dic2025 19:46:01.278] [main/INFO] [net.neoforged.fml.loading.moddiscovery.ModDiscoverer/SCAN]: Found mod file "pipez-443900-5757713.jar" [locator: userdev mods and services, reader: mod manifest]
[10dic2025 19:46:01.284] [main/INFO] [net.neoforged.fml.loading.moddiscovery.ModDiscoverer/SCAN]: Found mod file "titanium-287342-6443608.jar" [locator: userdev mods and services, reader: mod manifest]
[10dic2025 19:46:01.289] [main/INFO] [net.neoforged.fml.loading.moddiscovery.ModDiscoverer/SCAN]: Found mod file "guideme-1173950-6488254.jar" [locator: userdev mods and services, reader: mod manifest]
[10dic2025 19:46:01.291] [main/INFO] [net.neoforged.fml.loading.moddiscovery.ModDiscoverer/SCAN]: Found mod file "athena-841890-5629395.jar" [locator: userdev mods and services, reader: mod manifest]
[10dic2025 19:46:01.293] [main/INFO] [net.neoforged.fml.loading.moddiscovery.ModDiscoverer/SCAN]: Found mod file "architectury-419699-5786327.jar" [locator: userdev mods and services, reader: mod manifest]
[10dic2025 19:46:01.296] [main/INFO] [net.neoforged.fml.loading.moddiscovery.ModDiscoverer/SCAN]: Found mod file "owolib-532610-5945693.jar" [locator: userdev mods and services, reader: mod manifest]
[10dic2025 19:46:01.310] [main/INFO] [net.neoforged.fml.loading.moddiscovery.ModDiscoverer/SCAN]: Found mod file "geckolib-388172-6920810.jar" [locator: userdev mods and services, reader: mod manifest]
[10dic2025 19:46:01.312] [main/INFO] [net.neoforged.fml.loading.moddiscovery.ModDiscoverer/SCAN]: Found mod file "glodium-957920-5821676.jar" [locator: userdev mods and services, reader: mod manifest]
[10dic2025 19:46:01.314] [main/INFO] [net.neoforged.fml.loading.moddiscovery.ModDiscoverer/SCAN]: Found mod file "ftlibrary-404465-6466106.jar" [locator: userdev mods and services, reader: mod manifest]
[10dic2025 19:46:01.316] [main/INFO] [net.neoforged.fml.loading.moddiscovery.ModDiscoverer/SCAN]: Found mod file "ftpessential-410811-6179042.jar" [locator: userdev mods and services, reader: mod manifest]
[10dic2025 19:46:01.317] [main/INFO] [net.neoforged.fml.loading.moddiscovery.ModDiscoverer/SCAN]: Found mod file "rhino-416294-6000610.jar" [locator: userdev mods and services, reader: mod manifest]
[10dic2025 19:46:01.319] [main/INFO] [net.neoforged.fml.loading.moddiscovery.ModDiscoverer/SCAN]: Found mod file "kubejs-238086-5810100.jar" [locator: userdev mods and services, reader: mod manifest]
[10dic2025 19:46:01.320] [main/INFO] [net.neoforged.fml.loading.moddiscovery.ModDiscoverer/SCAN]: Found mod file "jade-324717-6011258.jar" [locator: userdev mods and services, reader: mod manifest]
[10dic2025 19:46:01.322] [main/INFO] [net.neoforged.fml.loading.moddiscovery.ModDiscoverer/SCAN]: Found mod file "trashcans-394535-5891067.jar" [locator: userdev mods and services, reader: mod manifest]
[10dic2025 19:46:01.324] [main/INFO] [net.neoforged.fml.loading.moddiscovery.ModDiscoverer/SCAN]: Found mod file "supermarticonfig-438332-5546996.jar" [locator: userdev mods and services, reader: mod manifest]
[10dic2025 19:46:01.326] [main/INFO] [net.neoforged.fml.loading.moddiscovery.ModDiscoverer/SCAN]: Found mod file "supermarticore-454372-6076757.jar" [locator: userdev mods and services, reader: mod manifest]
[10dic2025 19:46:01.328] [main/INFO] [net.neoforged.fml.loading.moddiscovery.ModDiscoverer/SCAN]: Found mod file "jei-238222-6829086.jar" [locator: userdev mods and services, reader: mod manifest]
[10dic2025 19:46:01.337] [main/INFO] [net.neoforged.fml.loading.moddiscovery.ModDiscoverer/SCAN]: Found gamelibrary file "mixinextras-neoforge-0.4.1.jar" [locator: userdev mods and services, reader: mod manifest]
[10dic2025 19:46:01.475] [main/WARN] [net.neoforged.jarjar.selection.JarSelector/]: Attempted to select a dependency jar for JarJar which was passed in as source: library:mixinextras.neoforge. Using Mod File: /Users/joshua.morotti/.gradle/caches/modules-2/files-2.1/io.github.llamalad7/mixinextras-neoforge/0.4.1/eff97772ecd0dcf8e52cdbafd3b3ccec425f8314/mixinextras-neoforge-0.4.1.jar
[10dic2025 19:46:01.475] [main/INFO] [net.neoforged.fml.loading.moddiscovery.locators.JarInJarDependencyLocator/]: Found 12 dependencies adding them to mods collection
[10dic2025 19:46:01.475] [main/INFO] [net.neoforged.fml.loading.moddiscovery.ModDiscoverer/SCAN]: Found mod file "fabric-networking-api-v1-4.2.2+a92978fd19.jar" [parent: owolib-532610-5945693.jar, locator: jarinjar, reader: mod manifest]
[10dic2025 19:46:01.475] [main/INFO] [net.neoforged.fml.loading.moddiscovery.ModDiscoverer/SCAN]: Found library file "gson-0.1.5.jar" [parent: owolib-532610-5945693.jar, locator: jarinjar]
[10dic2025 19:46:01.475] [main/INFO] [net.neoforged.fml.loading.moddiscovery.ModDiscoverer/SCAN]: Found library file "animated-gif-lib-for-java-animated-gif-lib-1.7.jar" [parent: kubejs-238086-5810100.jar, locator: jarinjar]
[10dic2025 19:46:01.476] [main/INFO] [net.neoforged.fml.loading.moddiscovery.ModDiscoverer/SCAN]: Found mod file "fabric-api-base-0.4.42+d1308dedd1.jar" [parent: owolib-532610-5945693.jar, locator: jarinjar, reader: mod manifest]
[10dic2025 19:46:01.476] [main/INFO] [net.neoforged.fml.loading.moddiscovery.ModDiscoverer/SCAN]: Found library file "forgified-fabric-loader-2.5.29+0.16.0+1.21-full.jar" [parent: owolib-532610-5945693.jar, locator: jarinjar, reader: mod manifest]
[10dic2025 19:46:01.476] [main/INFO] [net.neoforged.fml.loading.moddiscovery.ModDiscoverer/SCAN]: Found library file "tiny-java-server-1.0.0-build.6.jar" [parent: kubejs-238086-5810100.jar, locator: jarinjar]
[10dic2025 19:46:01.476] [main/INFO] [net.neoforged.fml.loading.moddiscovery.ModDiscoverer/SCAN]: Found library file "jankson-0.1.5.jar" [parent: owolib-532610-5945693.jar, locator: jarinjar]
[10dic2025 19:46:01.476] [main/INFO] [net.neoforged.fml.loading.moddiscovery.ModDiscoverer/SCAN]: Found library file "endec-0.1.8.jar" [parent: owolib-532610-5945693.jar, locator: jarinjar]
[10dic2025 19:46:01.476] [main/INFO] [net.neoforged.fml.loading.moddiscovery.ModDiscoverer/SCAN]: Found library file "netty-0.1.4.jar" [parent: owolib-532610-5945693.jar, locator: jarinjar]
[10dic2025 19:46:01.476] [main/INFO] [net.neoforged.fml.loading.moddiscovery.ModDiscoverer/SCAN]: Found library file "neoforge-coremods-21.1.77.jar" [parent: neoforge-21.1.77.jar, locator: jarinjar, reader: mod manifest]
[10dic2025 19:46:01.476] [main/INFO] [net.neoforged.fml.loading.moddiscovery.ModDiscoverer/SCAN]: Found mod file "fabric-screen-api-v1-2.0.24+79a4c2b0d1.jar" [parent: owolib-532610-5945693.jar, locator: jarinjar, reader: mod manifest]
[10dic2025 19:46:01.476] [main/INFO] [net.neoforged.fml.loading.moddiscovery.ModDiscoverer/SCAN]: Found library file "jankson-1.2.2.jar" [parent: owolib-532610-5945693.jar, locator: jarinjar]
[10dic2025 19:46:01.477] [main/INFO] [net.neoforged.fml.loading.moddiscovery.ModDiscoverer/]: 
     Mod List:
		Name Version (Mod Id)

		Architectury 13.0.8 (architectury)
		Athena 4.0.1 (athena)
		Forgified Fabric API Base 0.4.42+d1308dedd1 (fabric_api_base)
		Forgified Fabric Networking API (v1) 4.2.2+a92978fd19 (fabric_networking_api_v1)
		Forgified Fabric Screen API (v1) 2.0.24+79a4c2b0d1 (fabric_screen_api_v1)
		FTB Essentials 2101.1.6 (ftbessentials)
		FTB Library 2101.1.13 (ftblibrary)
		GeckoLib 4 4.7.7 (geckolib)
		Glodium 1.21-2.2-neoforge (glodium)
		GuideME 21.1.9 (guideme)
		Jade 15.9.2+neoforge (jade)
		Just Enough Items 19.22.1.316 (jei)
		KubeJS 2101.7.1-build.181 (kubejs)
		Minecraft 1.21.1 (minecraft)
		NeoForge 21.1.77 (neoforge)
		oωo 0.12.15-beta.12+1.21 (owo)
		Pipez 1.21.1-1.2.19 (pipez)
		Pipez Retriever 1.0.0 (pipezretriever)
		Rhino 2101.2.6-build.58 (rhino)
		SuperMartijn642's Config Library 1.1.8 (supermartijn642configlib)
		SuperMartijn642's Core Lib 1.1.18+a (supermartijn642corelib)
		Titanium 4.0.37 (titanium)
		Trash Cans 1.0.18+c (trashcans)
[10dic2025 19:46:02.004] [main/INFO] [mixin/]: Compatibility level set to JAVA_17
[10dic2025 19:46:02.010] [main/INFO] [mixin/]: Compatibility level set to JAVA_21
[10dic2025 19:46:02.023] [main/INFO] [net.fabricmc.loader.impl.bootstrap.FabricLoaderBootstrap/]: Propagating FML mod list to Fabric Loader
[10dic2025 19:46:02.029] [main/INFO] [cpw.mods.modlauncher.LaunchServiceHandler/MODLAUNCHER]: Launching target 'forgedatauserdev' with arguments [--gameDir, ., --assetsDir, /Users/joshua.morotti/.gradle/caches/minecraft/assets, --mod, pipezretriever, --all, --output, /Users/joshua.morotti/dev/personal/pipezretriever/src/generated/resources, --existing, /Users/joshua.morotti/dev/personal/pipezretriever/src/main/resources, --assetIndex, asset-index]
[10dic2025 19:46:02.076] [main/WARN] [mixin/]: Reference map 'geckolib.refmap.json' for geckolib.mixins.json could not be read. If this is a development environment you can ignore this message
[10dic2025 19:46:02.081] [main/WARN] [mixin/]: Reference map 'supermartijn642corelib.mixins.refmap.json' for supermartijn642corelib.mixins.json could not be read. If this is a development environment you can ignore this message
[10dic2025 19:46:02.635] [main/WARN] [mixin/]: Error loading class: mezz/modnametooltip/TooltipEventHandler (java.lang.ClassNotFoundException: mezz.modnametooltip.TooltipEventHandler)
[10dic2025 19:46:02.636] [main/WARN] [mixin/]: Error loading class: me/shedaniel/rei/impl/client/ClientHelperImpl (java.lang.ClassNotFoundException: me.shedaniel.rei.impl.client.ClientHelperImpl)
[10dic2025 19:46:02.806] [main/INFO] [MixinExtras|Service/]: Initializing MixinExtras via com.llamalad7.mixinextras.service.MixinExtrasServiceImpl(version=0.4.1).
[10dic2025 19:46:03.044] [main/INFO] [net.neoforged.neoforge.data.loading.DatagenModLoader/]: Initializing Data Gatherer for mods [pipezretriever]
[10dic2025 19:46:07.474] [modloading-worker-0/INFO] [PluginManager/]: Scanning classes for titanium
[10dic2025 19:46:07.595] [modloading-worker-0/INFO] [owo/]: who invited dafuqs
[10dic2025 19:46:07.598] [modloading-worker-0/INFO] [net.neoforged.neoforge.common.NeoForgeMod/NEOFORGE-MOD]: NeoForge mod loading, version 21.1.77, for MC 1.21.1
[10dic2025 19:46:07.608] [modloading-worker-0/INFO] [com.lumengrid.pipezretriever.PipezRetriever/]: Pipez Retriever initializing...
[10dic2025 19:46:07.620] [modloading-worker-0/INFO] [mezz.jei.library.load.PluginCaller/]: Sending ConfigManager...
[10dic2025 19:46:07.622] [modloading-worker-0/INFO] [mezz.jei.library.load.PluginCaller/]: Sending ConfigManager took 1.237 milliseconds
[10dic2025 19:46:07.657] [modloading-worker-0/INFO] [KubeJS/]: Loading vanilla registries...
[10dic2025 19:46:07.672] [modloading-worker-0/INFO] [KubeJS/]: Looking for KubeJS plugins...
[10dic2025 19:46:07.674] [modloading-worker-0/INFO] [KubeJS/]: Found plugin source kubejs
[10dic2025 19:46:07.678] [modloading-worker-0/WARN] [KubeJS/]: Plugin dev.latvian.mods.kubejs.integration.gamestages.GameStagesIntegration does not have required mod 'gamestages' loaded, skipping
[10dic2025 19:46:07.679] [modloading-worker-0/INFO] [KubeJS/]: Done in 5.436 ms
[10dic2025 19:46:08.510] [main/WARN] [net.minecraft.server.packs.VanillaPackResourcesBuilder/]: Assets URL 'union:/Users/joshua.morotti/dev/personal/pipezretriever/.gradle/repositories/ng_dummy_ng/net/neoforged/neoforge/21.1.77/neoforge-21.1.77.jar%23182!/assets/.mcassetsroot' uses unexpected schema
[10dic2025 19:46:08.510] [main/WARN] [net.minecraft.server.packs.VanillaPackResourcesBuilder/]: Assets URL 'union:/Users/joshua.morotti/dev/personal/pipezretriever/.gradle/repositories/ng_dummy_ng/net/neoforged/neoforge/21.1.77/neoforge-21.1.77.jar%23182!/data/.mcassetsroot' uses unexpected schema
[10dic2025 19:46:08.670] [main/INFO] [net.minecraft.data.DataGenerator/]: All providers took: 0 ms
[10dic2025 19:46:08.672] [main/INFO] [net.minecraft.data.HashCache/]: Caching: total files: 0, old count: 0, new count: 1, removed stale: 0, written: 0
